
> fit-persona@1.0.0 build
> tsc -b && vite build

src/components/client/ClientHeaderCard.tsx(35,61): error TS2304: Cannot find name 'onEdit'.
src/screens/ClientScreen.tsx(6,8): error TS6133: 'React' is declared but its value is never read.
src/screens/ClientScreen.tsx(264,13): error TS2322: Type '{ name: string; goal: string; age: number; weight: number; height: number; status: ClientStatus; onEdit: () => void; }' is not assignable to type 'IntrinsicAttributes & ClientHeaderCardProps'.
  Property 'onEdit' does not exist on type 'IntrinsicAttributes & ClientHeaderCardProps'.
src/screens/ClientScreen.tsx(310,63): error TS2322: Type 'string | undefined' is not assignable to type 'string'.
  Type 'undefined' is not assignable to type 'string'.
src/screens/ClientScreen.tsx(338,61): error TS2322: Type 'string | undefined' is not assignable to type 'string'.
  Type 'undefined' is not assignable to type 'string'.
